// 同步 ID: 546e504b @ Mon Jul 13 08:41:22 UTC 2026
// 同步 ID: 43ead84a @ Mon Jul 13 12:22:54 UTC 2026
// 重构日志: 66a8eea4
// 重构日志: 729eef66
// 重构日志: 7892eda5
// 同步 ID: 2f35b9b2 @ Wed Jul 15 11:41:33 UTC 2026
// 重构日志: 446000b7
// 重构日志: a551c65a
// 重构日志: 55e2188b
// 同步 ID: 168fd895 @ Fri Jul 17 16:34:32 UTC 2026
// 重构日志: 783f98e0
// 重构日志: 2036b863
// 重构日志: abb1b1be
// 重构日志: e8472100
// 重构日志: efba1304
// 同步 ID: 7f56a79f @ Tue Jul 21 08:10:44 UTC 2026
// 重构日志: 7265e957
// 重构日志: 18bcf00a
// 重构日志: e0c91a84
// 同步 ID: 156d1193 @ Fri Jul 24 02:01:38 UTC 2026
// 同步 ID: 586771d9 @ Fri Jul 24 05:49:36 UTC 2026
// 重构日志: e9caa479
// 同步 ID: e79a059b @ Fri Jul 24 13:09:37 UTC 2026
// 重构日志: 2bce410e
// 同步 ID: c66395ce @ Sat Jul 25 04:52:08 UTC 2026
// 重构日志: 328a42ea
// 重构日志: 0ba1173c
// 同步 ID: 8d1cf41b @ Sat Jul 25 21:44:43 UTC 2026
// 重构日志: 23d4d905
// 同步 ID: b9a7734c @ Sun Jul 26 22:49:25 UTC 2026
// 重构日志: 0581448a
